Determining if the __GLIBC__ exist failed with the following output:
Change Dir: /home/jon/StudioProjects/Retro-3DO/android/app/.cxx/Debug/2w1l2e5o/arm64-v8a/CMakeFiles/CMakeTmp

Run Build Command(s):/home/jon/Android/Sdk/cmake/3.22.1/bin/ninja cmTC_70ccc && [1/2] Building C object CMakeFiles/cmTC_70ccc.dir/CheckSymbolExists.c.o
FAILED: CMakeFiles/cmTC_70ccc.dir/CheckSymbolExists.c.o 
/home/jon/Android/Sdk/ndk/28.2.13676358/toolchains/llvm/prebuilt/linux-x86_64/bin/clang --target=aarch64-none-linux-android24 --sysroot=/home/jon/Android/Sdk/ndk/28.2.13676358/toolchains/llvm/prebuilt/linux-x86_64/sysroot   -g -DANDROID -fdata-sections -ffunction-sections -funwind-tables -fstack-protector-strong -no-canonical-prefixes -D_FORTIFY_SOURCE=2 -Wformat -Werror=format-security   -D_GNU_SOURCE=1 -fPIE -std=gnu11 -MD -MT CMakeFiles/cmTC_70ccc.dir/CheckSymbolExists.c.o -MF CMakeFiles/cmTC_70ccc.dir/CheckSymbolExists.c.o.d -o CMakeFiles/cmTC_70ccc.dir/CheckSymbolExists.c.o -c /home/jon/StudioProjects/Retro-3DO/android/app/.cxx/Debug/2w1l2e5o/arm64-v8a/CMakeFiles/CMakeTmp/CheckSymbolExists.c
/home/jon/StudioProjects/Retro-3DO/android/app/.cxx/Debug/2w1l2e5o/arm64-v8a/CMakeFiles/CMakeTmp/CheckSymbolExists.c:8:19: error: use of undeclared identifier '__GLIBC__'
    8 |   return ((int*)(&__GLIBC__))[argc];
      |                   ^
1 error generated.
ninja: build stopped: subcommand failed.


File /home/jon/StudioProjects/Retro-3DO/android/app/.cxx/Debug/2w1l2e5o/arm64-v8a/CMakeFiles/CMakeTmp/CheckSymbolExists.c:
/* */
#include <stdlib.h>

int main(int argc, char** argv)
{
  (void)argv;
#ifndef __GLIBC__
  return ((int*)(&__GLIBC__))[argc];
#else
  (void)argc;
  return 0;
#endif
}
Determining if the _i64toa exist failed with the following output:
Change Dir: /home/jon/StudioProjects/Retro-3DO/android/app/.cxx/Debug/2w1l2e5o/arm64-v8a/CMakeFiles/CMakeTmp

Run Build Command(s):/home/jon/Android/Sdk/cmake/3.22.1/bin/ninja cmTC_904ca && [1/2] Building C object CMakeFiles/cmTC_904ca.dir/CheckSymbolExists.c.o
FAILED: CMakeFiles/cmTC_904ca.dir/CheckSymbolExists.c.o 
/home/jon/Android/Sdk/ndk/28.2.13676358/toolchains/llvm/prebuilt/linux-x86_64/bin/clang --target=aarch64-none-linux-android24 --sysroot=/home/jon/Android/Sdk/ndk/28.2.13676358/toolchains/llvm/prebuilt/linux-x86_64/sysroot   -g -DANDROID -fdata-sections -ffunction-sections -funwind-tables -fstack-protector-strong -no-canonical-prefixes -D_FORTIFY_SOURCE=2 -Wformat -Werror=format-security   -D_GNU_SOURCE=1 -fPIE -std=gnu11 -MD -MT CMakeFiles/cmTC_904ca.dir/CheckSymbolExists.c.o -MF CMakeFiles/cmTC_904ca.dir/CheckSymbolExists.c.o.d -o CMakeFiles/cmTC_904ca.dir/CheckSymbolExists.c.o -c /home/jon/StudioProjects/Retro-3DO/android/app/.cxx/Debug/2w1l2e5o/arm64-v8a/CMakeFiles/CMakeTmp/CheckSymbolExists.c
/home/jon/StudioProjects/Retro-3DO/android/app/.cxx/Debug/2w1l2e5o/arm64-v8a/CMakeFiles/CMakeTmp/CheckSymbolExists.c:26:19: error: use of undeclared identifier '_i64toa'
   26 |   return ((int*)(&_i64toa))[argc];
      |                   ^
1 error generated.
ninja: build stopped: subcommand failed.


File /home/jon/StudioProjects/Retro-3DO/android/app/.cxx/Debug/2w1l2e5o/arm64-v8a/CMakeFiles/CMakeTmp/CheckSymbolExists.c:
/* */
#include <float.h>
#include <iconv.h>
#include <inttypes.h>
#include <limits.h>
#include <malloc.h>
#include <math.h>
#include <memory.h>
#include <signal.h>
#include <stdarg.h>
#include <stdbool.h>
#include <stddef.h>
#include <stdint.h>
#include <stdio.h>
#include <stdlib.h>
#include <string.h>
#include <strings.h>
#include <sys/types.h>
#include <time.h>
#include <wchar.h>

int main(int argc, char** argv)
{
  (void)argv;
#ifndef _i64toa
  return ((int*)(&_i64toa))[argc];
#else
  (void)argc;
  return 0;
#endif
}
Determining if the index exist failed with the following output:
Change Dir: /home/jon/StudioProjects/Retro-3DO/android/app/.cxx/Debug/2w1l2e5o/arm64-v8a/CMakeFiles/CMakeTmp

Run Build Command(s):/home/jon/Android/Sdk/cmake/3.22.1/bin/ninja cmTC_b7ec3 && [1/2] Building C object CMakeFiles/cmTC_b7ec3.dir/CheckSymbolExists.c.o
FAILED: CMakeFiles/cmTC_b7ec3.dir/CheckSymbolExists.c.o 
/home/jon/Android/Sdk/ndk/28.2.13676358/toolchains/llvm/prebuilt/linux-x86_64/bin/clang --target=aarch64-none-linux-android24 --sysroot=/home/jon/Android/Sdk/ndk/28.2.13676358/toolchains/llvm/prebuilt/linux-x86_64/sysroot   -g -DANDROID -fdata-sections -ffunction-sections -funwind-tables -fstack-protector-strong -no-canonical-prefixes -D_FORTIFY_SOURCE=2 -Wformat -Werror=format-security   -D_GNU_SOURCE=1 -fPIE -std=gnu11 -MD -MT CMakeFiles/cmTC_b7ec3.dir/CheckSymbolExists.c.o -MF CMakeFiles/cmTC_b7ec3.dir/CheckSymbolExists.c.o.d -o CMakeFiles/cmTC_b7ec3.dir/CheckSymbolExists.c.o -c /home/jon/StudioProjects/Retro-3DO/android/app/.cxx/Debug/2w1l2e5o/arm64-v8a/CMakeFiles/CMakeTmp/CheckSymbolExists.c
/home/jon/StudioProjects/Retro-3DO/android/app/.cxx/Debug/2w1l2e5o/arm64-v8a/CMakeFiles/CMakeTmp/CheckSymbolExists.c:26:19: error: call to undeclared library function 'index' with type 'char *(const char *, int)'; ISO C99 and later do not support implicit function declarations [-Wimplicit-function-declaration]
   26 |   return ((int*)(&index))[argc];
      |                   ^
/home/jon/StudioProjects/Retro-3DO/android/app/.cxx/Debug/2w1l2e5o/arm64-v8a/CMakeFiles/CMakeTmp/CheckSymbolExists.c:26:19: note: include the header <strings.h> or explicitly provide a declaration for 'index'
1 error generated.
ninja: build stopped: subcommand failed.


File /home/jon/StudioProjects/Retro-3DO/android/app/.cxx/Debug/2w1l2e5o/arm64-v8a/CMakeFiles/CMakeTmp/CheckSymbolExists.c:
/* */
#include <float.h>
#include <iconv.h>
#include <inttypes.h>
#include <limits.h>
#include <malloc.h>
#include <math.h>
#include <memory.h>
#include <signal.h>
#include <stdarg.h>
#include <stdbool.h>
#include <stddef.h>
#include <stdint.h>
#include <stdio.h>
#include <stdlib.h>
#include <string.h>
#include <strings.h>
#include <sys/types.h>
#include <time.h>
#include <wchar.h>

int main(int argc, char** argv)
{
  (void)argv;
#ifndef index
  return ((int*)(&index))[argc];
#else
  (void)argc;
  return 0;
#endif
}
Determining if the itoa exist failed with the following output:
Change Dir: /home/jon/StudioProjects/Retro-3DO/android/app/.cxx/Debug/2w1l2e5o/arm64-v8a/CMakeFiles/CMakeTmp

Run Build Command(s):/home/jon/Android/Sdk/cmake/3.22.1/bin/ninja cmTC_5799f && [1/2] Building C object CMakeFiles/cmTC_5799f.dir/CheckSymbolExists.c.o
FAILED: CMakeFiles/cmTC_5799f.dir/CheckSymbolExists.c.o 
/home/jon/Android/Sdk/ndk/28.2.13676358/toolchains/llvm/prebuilt/linux-x86_64/bin/clang --target=aarch64-none-linux-android24 --sysroot=/home/jon/Android/Sdk/ndk/28.2.13676358/toolchains/llvm/prebuilt/linux-x86_64/sysroot   -g -DANDROID -fdata-sections -ffunction-sections -funwind-tables -fstack-protector-strong -no-canonical-prefixes -D_FORTIFY_SOURCE=2 -Wformat -Werror=format-security   -D_GNU_SOURCE=1 -fPIE -std=gnu11 -MD -MT CMakeFiles/cmTC_5799f.dir/CheckSymbolExists.c.o -MF CMakeFiles/cmTC_5799f.dir/CheckSymbolExists.c.o.d -o CMakeFiles/cmTC_5799f.dir/CheckSymbolExists.c.o -c /home/jon/StudioProjects/Retro-3DO/android/app/.cxx/Debug/2w1l2e5o/arm64-v8a/CMakeFiles/CMakeTmp/CheckSymbolExists.c
/home/jon/StudioProjects/Retro-3DO/android/app/.cxx/Debug/2w1l2e5o/arm64-v8a/CMakeFiles/CMakeTmp/CheckSymbolExists.c:26:19: error: use of undeclared identifier 'itoa'
   26 |   return ((int*)(&itoa))[argc];
      |                   ^
1 error generated.
ninja: build stopped: subcommand failed.


File /home/jon/StudioProjects/Retro-3DO/android/app/.cxx/Debug/2w1l2e5o/arm64-v8a/CMakeFiles/CMakeTmp/CheckSymbolExists.c:
/* */
#include <float.h>
#include <iconv.h>
#include <inttypes.h>
#include <limits.h>
#include <malloc.h>
#include <math.h>
#include <memory.h>
#include <signal.h>
#include <stdarg.h>
#include <stdbool.h>
#include <stddef.h>
#include <stdint.h>
#include <stdio.h>
#include <stdlib.h>
#include <string.h>
#include <strings.h>
#include <sys/types.h>
#include <time.h>
#include <wchar.h>

int main(int argc, char** argv)
{
  (void)argv;
#ifndef itoa
  return ((int*)(&itoa))[argc];
#else
  (void)argc;
  return 0;
#endif
}
Determining if the _ltoa exist failed with the following output:
Change Dir: /home/jon/StudioProjects/Retro-3DO/android/app/.cxx/Debug/2w1l2e5o/arm64-v8a/CMakeFiles/CMakeTmp

Run Build Command(s):/home/jon/Android/Sdk/cmake/3.22.1/bin/ninja cmTC_65981 && [1/2] Building C object CMakeFiles/cmTC_65981.dir/CheckSymbolExists.c.o
FAILED: CMakeFiles/cmTC_65981.dir/CheckSymbolExists.c.o 
/home/jon/Android/Sdk/ndk/28.2.13676358/toolchains/llvm/prebuilt/linux-x86_64/bin/clang --target=aarch64-none-linux-android24 --sysroot=/home/jon/Android/Sdk/ndk/28.2.13676358/toolchains/llvm/prebuilt/linux-x86_64/sysroot   -g -DANDROID -fdata-sections -ffunction-sections -funwind-tables -fstack-protector-strong -no-canonical-prefixes -D_FORTIFY_SOURCE=2 -Wformat -Werror=format-security   -D_GNU_SOURCE=1 -fPIE -std=gnu11 -MD -MT CMakeFiles/cmTC_65981.dir/CheckSymbolExists.c.o -MF CMakeFiles/cmTC_65981.dir/CheckSymbolExists.c.o.d -o CMakeFiles/cmTC_65981.dir/CheckSymbolExists.c.o -c /home/jon/StudioProjects/Retro-3DO/android/app/.cxx/Debug/2w1l2e5o/arm64-v8a/CMakeFiles/CMakeTmp/CheckSymbolExists.c
/home/jon/StudioProjects/Retro-3DO/android/app/.cxx/Debug/2w1l2e5o/arm64-v8a/CMakeFiles/CMakeTmp/CheckSymbolExists.c:26:19: error: use of undeclared identifier '_ltoa'
   26 |   return ((int*)(&_ltoa))[argc];
      |                   ^
1 error generated.
ninja: build stopped: subcommand failed.


File /home/jon/StudioProjects/Retro-3DO/android/app/.cxx/Debug/2w1l2e5o/arm64-v8a/CMakeFiles/CMakeTmp/CheckSymbolExists.c:
/* */
#include <float.h>
#include <iconv.h>
#include <inttypes.h>
#include <limits.h>
#include <malloc.h>
#include <math.h>
#include <memory.h>
#include <signal.h>
#include <stdarg.h>
#include <stdbool.h>
#include <stddef.h>
#include <stdint.h>
#include <stdio.h>
#include <stdlib.h>
#include <string.h>
#include <strings.h>
#include <sys/types.h>
#include <time.h>
#include <wchar.h>

int main(int argc, char** argv)
{
  (void)argv;
#ifndef _ltoa
  return ((int*)(&_ltoa))[argc];
#else
  (void)argc;
  return 0;
#endif
}
Determining if the rindex exist failed with the following output:
Change Dir: /home/jon/StudioProjects/Retro-3DO/android/app/.cxx/Debug/2w1l2e5o/arm64-v8a/CMakeFiles/CMakeTmp

Run Build Command(s):/home/jon/Android/Sdk/cmake/3.22.1/bin/ninja cmTC_1e896 && [1/2] Building C object CMakeFiles/cmTC_1e896.dir/CheckSymbolExists.c.o
FAILED: CMakeFiles/cmTC_1e896.dir/CheckSymbolExists.c.o 
/home/jon/Android/Sdk/ndk/28.2.13676358/toolchains/llvm/prebuilt/linux-x86_64/bin/clang --target=aarch64-none-linux-android24 --sysroot=/home/jon/Android/Sdk/ndk/28.2.13676358/toolchains/llvm/prebuilt/linux-x86_64/sysroot   -g -DANDROID -fdata-sections -ffunction-sections -funwind-tables -fstack-protector-strong -no-canonical-prefixes -D_FORTIFY_SOURCE=2 -Wformat -Werror=format-security   -D_GNU_SOURCE=1 -fPIE -std=gnu11 -MD -MT CMakeFiles/cmTC_1e896.dir/CheckSymbolExists.c.o -MF CMakeFiles/cmTC_1e896.dir/CheckSymbolExists.c.o.d -o CMakeFiles/cmTC_1e896.dir/CheckSymbolExists.c.o -c /home/jon/StudioProjects/Retro-3DO/android/app/.cxx/Debug/2w1l2e5o/arm64-v8a/CMakeFiles/CMakeTmp/CheckSymbolExists.c
/home/jon/StudioProjects/Retro-3DO/android/app/.cxx/Debug/2w1l2e5o/arm64-v8a/CMakeFiles/CMakeTmp/CheckSymbolExists.c:26:19: error: call to undeclared library function 'rindex' with type 'char *(const char *, int)'; ISO C99 and later do not support implicit function declarations [-Wimplicit-function-declaration]
   26 |   return ((int*)(&rindex))[argc];
      |                   ^
/home/jon/StudioProjects/Retro-3DO/android/app/.cxx/Debug/2w1l2e5o/arm64-v8a/CMakeFiles/CMakeTmp/CheckSymbolExists.c:26:19: note: include the header <strings.h> or explicitly provide a declaration for 'rindex'
1 error generated.
ninja: build stopped: subcommand failed.


File /home/jon/StudioProjects/Retro-3DO/android/app/.cxx/Debug/2w1l2e5o/arm64-v8a/CMakeFiles/CMakeTmp/CheckSymbolExists.c:
/* */
#include <float.h>
#include <iconv.h>
#include <inttypes.h>
#include <limits.h>
#include <malloc.h>
#include <math.h>
#include <memory.h>
#include <signal.h>
#include <stdarg.h>
#include <stdbool.h>
#include <stddef.h>
#include <stdint.h>
#include <stdio.h>
#include <stdlib.h>
#include <string.h>
#include <strings.h>
#include <sys/types.h>
#include <time.h>
#include <wchar.h>

int main(int argc, char** argv)
{
  (void)argv;
#ifndef rindex
  return ((int*)(&rindex))[argc];
#else
  (void)argc;
  return 0;
#endif
}
Determining if the sqr exist failed with the following output:
Change Dir: /home/jon/StudioProjects/Retro-3DO/android/app/.cxx/Debug/2w1l2e5o/arm64-v8a/CMakeFiles/CMakeTmp

Run Build Command(s):/home/jon/Android/Sdk/cmake/3.22.1/bin/ninja cmTC_5300e && [1/2] Building C object CMakeFiles/cmTC_5300e.dir/CheckSymbolExists.c.o
FAILED: CMakeFiles/cmTC_5300e.dir/CheckSymbolExists.c.o 
/home/jon/Android/Sdk/ndk/28.2.13676358/toolchains/llvm/prebuilt/linux-x86_64/bin/clang --target=aarch64-none-linux-android24 --sysroot=/home/jon/Android/Sdk/ndk/28.2.13676358/toolchains/llvm/prebuilt/linux-x86_64/sysroot   -g -DANDROID -fdata-sections -ffunction-sections -funwind-tables -fstack-protector-strong -no-canonical-prefixes -D_FORTIFY_SOURCE=2 -Wformat -Werror=format-security   -D_GNU_SOURCE=1 -fPIE -std=gnu11 -MD -MT CMakeFiles/cmTC_5300e.dir/CheckSymbolExists.c.o -MF CMakeFiles/cmTC_5300e.dir/CheckSymbolExists.c.o.d -o CMakeFiles/cmTC_5300e.dir/CheckSymbolExists.c.o -c /home/jon/StudioProjects/Retro-3DO/android/app/.cxx/Debug/2w1l2e5o/arm64-v8a/CMakeFiles/CMakeTmp/CheckSymbolExists.c
/home/jon/StudioProjects/Retro-3DO/android/app/.cxx/Debug/2w1l2e5o/arm64-v8a/CMakeFiles/CMakeTmp/CheckSymbolExists.c:26:19: error: use of undeclared identifier 'sqr'; did you mean 'sqrt'?
   26 |   return ((int*)(&sqr))[argc];
      |                   ^~~
      |                   sqrt
/home/jon/Android/Sdk/ndk/28.2.13676358/toolchains/llvm/prebuilt/linux-x86_64/sysroot/usr/include/math.h:197:8: note: 'sqrt' declared here
  197 | double sqrt(double __x);
      |        ^
1 error generated.
ninja: build stopped: subcommand failed.


File /home/jon/StudioProjects/Retro-3DO/android/app/.cxx/Debug/2w1l2e5o/arm64-v8a/CMakeFiles/CMakeTmp/CheckSymbolExists.c:
/* */
#include <float.h>
#include <iconv.h>
#include <inttypes.h>
#include <limits.h>
#include <malloc.h>
#include <math.h>
#include <memory.h>
#include <signal.h>
#include <stdarg.h>
#include <stdbool.h>
#include <stddef.h>
#include <stdint.h>
#include <stdio.h>
#include <stdlib.h>
#include <string.h>
#include <strings.h>
#include <sys/types.h>
#include <time.h>
#include <wchar.h>

int main(int argc, char** argv)
{
  (void)argv;
#ifndef sqr
  return ((int*)(&sqr))[argc];
#else
  (void)argc;
  return 0;
#endif
}
Determining if the strnstr exist failed with the following output:
Change Dir: /home/jon/StudioProjects/Retro-3DO/android/app/.cxx/Debug/2w1l2e5o/arm64-v8a/CMakeFiles/CMakeTmp

Run Build Command(s):/home/jon/Android/Sdk/cmake/3.22.1/bin/ninja cmTC_61813 && [1/2] Building C object CMakeFiles/cmTC_61813.dir/CheckSymbolExists.c.o
FAILED: CMakeFiles/cmTC_61813.dir/CheckSymbolExists.c.o 
/home/jon/Android/Sdk/ndk/28.2.13676358/toolchains/llvm/prebuilt/linux-x86_64/bin/clang --target=aarch64-none-linux-android24 --sysroot=/home/jon/Android/Sdk/ndk/28.2.13676358/toolchains/llvm/prebuilt/linux-x86_64/sysroot   -g -DANDROID -fdata-sections -ffunction-sections -funwind-tables -fstack-protector-strong -no-canonical-prefixes -D_FORTIFY_SOURCE=2 -Wformat -Werror=format-security   -D_GNU_SOURCE=1 -fPIE -std=gnu11 -MD -MT CMakeFiles/cmTC_61813.dir/CheckSymbolExists.c.o -MF CMakeFiles/cmTC_61813.dir/CheckSymbolExists.c.o.d -o CMakeFiles/cmTC_61813.dir/CheckSymbolExists.c.o -c /home/jon/StudioProjects/Retro-3DO/android/app/.cxx/Debug/2w1l2e5o/arm64-v8a/CMakeFiles/CMakeTmp/CheckSymbolExists.c
/home/jon/StudioProjects/Retro-3DO/android/app/.cxx/Debug/2w1l2e5o/arm64-v8a/CMakeFiles/CMakeTmp/CheckSymbolExists.c:26:19: error: use of undeclared identifier 'strnstr'; did you mean 'strstr'?
   26 |   return ((int*)(&strnstr))[argc];
      |                   ^~~~~~~
      |                   strstr
/home/jon/Android/Sdk/ndk/28.2.13676358/toolchains/llvm/prebuilt/linux-x86_64/sysroot/usr/include/string.h:117:17: note: 'strstr' declared here
  117 | char* _Nullable strstr(const char* _Nonnull __haystack, const char* _Nonnull __needle) __attribute_pure__;
      |                 ^
1 error generated.
ninja: build stopped: subcommand failed.


File /home/jon/StudioProjects/Retro-3DO/android/app/.cxx/Debug/2w1l2e5o/arm64-v8a/CMakeFiles/CMakeTmp/CheckSymbolExists.c:
/* */
#include <float.h>
#include <iconv.h>
#include <inttypes.h>
#include <limits.h>
#include <malloc.h>
#include <math.h>
#include <memory.h>
#include <signal.h>
#include <stdarg.h>
#include <stdbool.h>
#include <stddef.h>
#include <stdint.h>
#include <stdio.h>
#include <stdlib.h>
#include <string.h>
#include <strings.h>
#include <sys/types.h>
#include <time.h>
#include <wchar.h>

int main(int argc, char** argv)
{
  (void)argv;
#ifndef strnstr
  return ((int*)(&strnstr))[argc];
#else
  (void)argc;
  return 0;
#endif
}
Determining if the nl_langinfo exist failed with the following output:
Change Dir: /home/jon/StudioProjects/Retro-3DO/android/app/.cxx/Debug/2w1l2e5o/arm64-v8a/CMakeFiles/CMakeTmp

Run Build Command(s):/home/jon/Android/Sdk/cmake/3.22.1/bin/ninja cmTC_53836 && [1/2] Building C object CMakeFiles/cmTC_53836.dir/CheckSymbolExists.c.o
FAILED: CMakeFiles/cmTC_53836.dir/CheckSymbolExists.c.o 
/home/jon/Android/Sdk/ndk/28.2.13676358/toolchains/llvm/prebuilt/linux-x86_64/bin/clang --target=aarch64-none-linux-android24 --sysroot=/home/jon/Android/Sdk/ndk/28.2.13676358/toolchains/llvm/prebuilt/linux-x86_64/sysroot   -g -DANDROID -fdata-sections -ffunction-sections -funwind-tables -fstack-protector-strong -no-canonical-prefixes -D_FORTIFY_SOURCE=2 -Wformat -Werror=format-security   -D_GNU_SOURCE=1 -fPIE -std=gnu11 -MD -MT CMakeFiles/cmTC_53836.dir/CheckSymbolExists.c.o -MF CMakeFiles/cmTC_53836.dir/CheckSymbolExists.c.o.d -o CMakeFiles/cmTC_53836.dir/CheckSymbolExists.c.o -c /home/jon/StudioProjects/Retro-3DO/android/app/.cxx/Debug/2w1l2e5o/arm64-v8a/CMakeFiles/CMakeTmp/CheckSymbolExists.c
/home/jon/StudioProjects/Retro-3DO/android/app/.cxx/Debug/2w1l2e5o/arm64-v8a/CMakeFiles/CMakeTmp/CheckSymbolExists.c:8:19: error: use of undeclared identifier 'nl_langinfo'
    8 |   return ((int*)(&nl_langinfo))[argc];
      |                   ^
1 error generated.
ninja: build stopped: subcommand failed.


File /home/jon/StudioProjects/Retro-3DO/android/app/.cxx/Debug/2w1l2e5o/arm64-v8a/CMakeFiles/CMakeTmp/CheckSymbolExists.c:
/* */
#include <langinfo.h>

int main(int argc, char** argv)
{
  (void)argv;
#ifndef nl_langinfo
  return ((int*)(&nl_langinfo))[argc];
#else
  (void)argc;
  return 0;
#endif
}
Determining if the sysctlbyname exist failed with the following output:
Change Dir: /home/jon/StudioProjects/Retro-3DO/android/app/.cxx/Debug/2w1l2e5o/arm64-v8a/CMakeFiles/CMakeTmp

Run Build Command(s):/home/jon/Android/Sdk/cmake/3.22.1/bin/ninja cmTC_5c7d4 && [1/2] Building C object CMakeFiles/cmTC_5c7d4.dir/CheckSymbolExists.c.o
FAILED: CMakeFiles/cmTC_5c7d4.dir/CheckSymbolExists.c.o 
/home/jon/Android/Sdk/ndk/28.2.13676358/toolchains/llvm/prebuilt/linux-x86_64/bin/clang --target=aarch64-none-linux-android24 --sysroot=/home/jon/Android/Sdk/ndk/28.2.13676358/toolchains/llvm/prebuilt/linux-x86_64/sysroot   -g -DANDROID -fdata-sections -ffunction-sections -funwind-tables -fstack-protector-strong -no-canonical-prefixes -D_FORTIFY_SOURCE=2 -Wformat -Werror=format-security   -D_GNU_SOURCE=1 -fPIE -std=gnu11 -MD -MT CMakeFiles/cmTC_5c7d4.dir/CheckSymbolExists.c.o -MF CMakeFiles/cmTC_5c7d4.dir/CheckSymbolExists.c.o.d -o CMakeFiles/cmTC_5c7d4.dir/CheckSymbolExists.c.o -c /home/jon/StudioProjects/Retro-3DO/android/app/.cxx/Debug/2w1l2e5o/arm64-v8a/CMakeFiles/CMakeTmp/CheckSymbolExists.c
/home/jon/StudioProjects/Retro-3DO/android/app/.cxx/Debug/2w1l2e5o/arm64-v8a/CMakeFiles/CMakeTmp/CheckSymbolExists.c:3:10: fatal error: 'sys/sysctl.h' file not found
    3 | #include <sys/sysctl.h>
      |          ^~~~~~~~~~~~~~
1 error generated.
ninja: build stopped: subcommand failed.


File /home/jon/StudioProjects/Retro-3DO/android/app/.cxx/Debug/2w1l2e5o/arm64-v8a/CMakeFiles/CMakeTmp/CheckSymbolExists.c:
/* */
#include <sys/types.h>
#include <sys/sysctl.h>

int main(int argc, char** argv)
{
  (void)argv;
#ifndef sysctlbyname
  return ((int*)(&sysctlbyname))[argc];
#else
  (void)argc;
  return 0;
#endif
}
Determining if the elf_aux_info exist failed with the following output:
Change Dir: /home/jon/StudioProjects/Retro-3DO/android/app/.cxx/Debug/2w1l2e5o/arm64-v8a/CMakeFiles/CMakeTmp

Run Build Command(s):/home/jon/Android/Sdk/cmake/3.22.1/bin/ninja cmTC_c7209 && [1/2] Building C object CMakeFiles/cmTC_c7209.dir/CheckSymbolExists.c.o
FAILED: CMakeFiles/cmTC_c7209.dir/CheckSymbolExists.c.o 
/home/jon/Android/Sdk/ndk/28.2.13676358/toolchains/llvm/prebuilt/linux-x86_64/bin/clang --target=aarch64-none-linux-android24 --sysroot=/home/jon/Android/Sdk/ndk/28.2.13676358/toolchains/llvm/prebuilt/linux-x86_64/sysroot   -g -DANDROID -fdata-sections -ffunction-sections -funwind-tables -fstack-protector-strong -no-canonical-prefixes -D_FORTIFY_SOURCE=2 -Wformat -Werror=format-security   -D_GNU_SOURCE=1 -fPIE -std=gnu11 -MD -MT CMakeFiles/cmTC_c7209.dir/CheckSymbolExists.c.o -MF CMakeFiles/cmTC_c7209.dir/CheckSymbolExists.c.o.d -o CMakeFiles/cmTC_c7209.dir/CheckSymbolExists.c.o -c /home/jon/StudioProjects/Retro-3DO/android/app/.cxx/Debug/2w1l2e5o/arm64-v8a/CMakeFiles/CMakeTmp/CheckSymbolExists.c
/home/jon/StudioProjects/Retro-3DO/android/app/.cxx/Debug/2w1l2e5o/arm64-v8a/CMakeFiles/CMakeTmp/CheckSymbolExists.c:8:19: error: use of undeclared identifier 'elf_aux_info'
    8 |   return ((int*)(&elf_aux_info))[argc];
      |                   ^
1 error generated.
ninja: build stopped: subcommand failed.


File /home/jon/StudioProjects/Retro-3DO/android/app/.cxx/Debug/2w1l2e5o/arm64-v8a/CMakeFiles/CMakeTmp/CheckSymbolExists.c:
/* */
#include <sys/auxv.h>

int main(int argc, char** argv)
{
  (void)argv;
#ifndef elf_aux_info
  return ((int*)(&elf_aux_info))[argc];
#else
  (void)argc;
  return 0;
#endif
}
Determining if the memfd_create exist failed with the following output:
Change Dir: /home/jon/StudioProjects/Retro-3DO/android/app/.cxx/Debug/2w1l2e5o/arm64-v8a/CMakeFiles/CMakeTmp

Run Build Command(s):/home/jon/Android/Sdk/cmake/3.22.1/bin/ninja cmTC_4bb23 && [1/2] Building C object CMakeFiles/cmTC_4bb23.dir/CheckSymbolExists.c.o
FAILED: CMakeFiles/cmTC_4bb23.dir/CheckSymbolExists.c.o 
/home/jon/Android/Sdk/ndk/28.2.13676358/toolchains/llvm/prebuilt/linux-x86_64/bin/clang --target=aarch64-none-linux-android24 --sysroot=/home/jon/Android/Sdk/ndk/28.2.13676358/toolchains/llvm/prebuilt/linux-x86_64/sysroot   -g -DANDROID -fdata-sections -ffunction-sections -funwind-tables -fstack-protector-strong -no-canonical-prefixes -D_FORTIFY_SOURCE=2 -Wformat -Werror=format-security   -D_GNU_SOURCE=1 -fPIE -std=gnu11 -MD -MT CMakeFiles/cmTC_4bb23.dir/CheckSymbolExists.c.o -MF CMakeFiles/cmTC_4bb23.dir/CheckSymbolExists.c.o.d -o CMakeFiles/cmTC_4bb23.dir/CheckSymbolExists.c.o -c /home/jon/StudioProjects/Retro-3DO/android/app/.cxx/Debug/2w1l2e5o/arm64-v8a/CMakeFiles/CMakeTmp/CheckSymbolExists.c
/home/jon/StudioProjects/Retro-3DO/android/app/.cxx/Debug/2w1l2e5o/arm64-v8a/CMakeFiles/CMakeTmp/CheckSymbolExists.c:8:19: error: use of undeclared identifier 'memfd_create'
    8 |   return ((int*)(&memfd_create))[argc];
      |                   ^
1 error generated.
ninja: build stopped: subcommand failed.


File /home/jon/StudioProjects/Retro-3DO/android/app/.cxx/Debug/2w1l2e5o/arm64-v8a/CMakeFiles/CMakeTmp/CheckSymbolExists.c:
/* */
#include <sys/mman.h>

int main(int argc, char** argv)
{
  (void)argv;
#ifndef memfd_create
  return ((int*)(&memfd_create))[argc];
#else
  (void)argc;
  return 0;
#endif
}
Determining if the posix_spawn_file_actions_addchdir exist failed with the following output:
Change Dir: /home/jon/StudioProjects/Retro-3DO/android/app/.cxx/Debug/2w1l2e5o/arm64-v8a/CMakeFiles/CMakeTmp

Run Build Command(s):/home/jon/Android/Sdk/cmake/3.22.1/bin/ninja cmTC_4f2f0 && [1/2] Building C object CMakeFiles/cmTC_4f2f0.dir/CheckSymbolExists.c.o
FAILED: CMakeFiles/cmTC_4f2f0.dir/CheckSymbolExists.c.o 
/home/jon/Android/Sdk/ndk/28.2.13676358/toolchains/llvm/prebuilt/linux-x86_64/bin/clang --target=aarch64-none-linux-android24 --sysroot=/home/jon/Android/Sdk/ndk/28.2.13676358/toolchains/llvm/prebuilt/linux-x86_64/sysroot   -g -DANDROID -fdata-sections -ffunction-sections -funwind-tables -fstack-protector-strong -no-canonical-prefixes -D_FORTIFY_SOURCE=2 -Wformat -Werror=format-security   -D_GNU_SOURCE=1 -fPIE -std=gnu11 -MD -MT CMakeFiles/cmTC_4f2f0.dir/CheckSymbolExists.c.o -MF CMakeFiles/cmTC_4f2f0.dir/CheckSymbolExists.c.o.d -o CMakeFiles/cmTC_4f2f0.dir/CheckSymbolExists.c.o -c /home/jon/StudioProjects/Retro-3DO/android/app/.cxx/Debug/2w1l2e5o/arm64-v8a/CMakeFiles/CMakeTmp/CheckSymbolExists.c
/home/jon/StudioProjects/Retro-3DO/android/app/.cxx/Debug/2w1l2e5o/arm64-v8a/CMakeFiles/CMakeTmp/CheckSymbolExists.c:8:19: error: use of undeclared identifier 'posix_spawn_file_actions_addchdir'
    8 |   return ((int*)(&posix_spawn_file_actions_addchdir))[argc];
      |                   ^
1 error generated.
ninja: build stopped: subcommand failed.


File /home/jon/StudioProjects/Retro-3DO/android/app/.cxx/Debug/2w1l2e5o/arm64-v8a/CMakeFiles/CMakeTmp/CheckSymbolExists.c:
/* */
#include <spawn.h>

int main(int argc, char** argv)
{
  (void)argv;
#ifndef posix_spawn_file_actions_addchdir
  return ((int*)(&posix_spawn_file_actions_addchdir))[argc];
#else
  (void)argc;
  return 0;
#endif
}
Determining if the posix_spawn_file_actions_addchdir_np exist failed with the following output:
Change Dir: /home/jon/StudioProjects/Retro-3DO/android/app/.cxx/Debug/2w1l2e5o/arm64-v8a/CMakeFiles/CMakeTmp

Run Build Command(s):/home/jon/Android/Sdk/cmake/3.22.1/bin/ninja cmTC_08214 && [1/2] Building C object CMakeFiles/cmTC_08214.dir/CheckSymbolExists.c.o
FAILED: CMakeFiles/cmTC_08214.dir/CheckSymbolExists.c.o 
/home/jon/Android/Sdk/ndk/28.2.13676358/toolchains/llvm/prebuilt/linux-x86_64/bin/clang --target=aarch64-none-linux-android24 --sysroot=/home/jon/Android/Sdk/ndk/28.2.13676358/toolchains/llvm/prebuilt/linux-x86_64/sysroot   -g -DANDROID -fdata-sections -ffunction-sections -funwind-tables -fstack-protector-strong -no-canonical-prefixes -D_FORTIFY_SOURCE=2 -Wformat -Werror=format-security   -D_GNU_SOURCE=1 -fPIE -std=gnu11 -MD -MT CMakeFiles/cmTC_08214.dir/CheckSymbolExists.c.o -MF CMakeFiles/cmTC_08214.dir/CheckSymbolExists.c.o.d -o CMakeFiles/cmTC_08214.dir/CheckSymbolExists.c.o -c /home/jon/StudioProjects/Retro-3DO/android/app/.cxx/Debug/2w1l2e5o/arm64-v8a/CMakeFiles/CMakeTmp/CheckSymbolExists.c
/home/jon/StudioProjects/Retro-3DO/android/app/.cxx/Debug/2w1l2e5o/arm64-v8a/CMakeFiles/CMakeTmp/CheckSymbolExists.c:8:19: error: use of undeclared identifier 'posix_spawn_file_actions_addchdir_np'
    8 |   return ((int*)(&posix_spawn_file_actions_addchdir_np))[argc];
      |                   ^
1 error generated.
ninja: build stopped: subcommand failed.


File /home/jon/StudioProjects/Retro-3DO/android/app/.cxx/Debug/2w1l2e5o/arm64-v8a/CMakeFiles/CMakeTmp/CheckSymbolExists.c:
/* */
#include <spawn.h>

int main(int argc, char** argv)
{
  (void)argv;
#ifndef posix_spawn_file_actions_addchdir_np
  return ((int*)(&posix_spawn_file_actions_addchdir_np))[argc];
#else
  (void)argc;
  return 0;
#endif
}
Performing C SOURCE FILE Test ICONV_IN_LIBC failed with the following output:
Change Dir: /home/jon/StudioProjects/Retro-3DO/android/app/.cxx/Debug/2w1l2e5o/arm64-v8a/CMakeFiles/CMakeTmp

Run Build Command(s):/home/jon/Android/Sdk/cmake/3.22.1/bin/ninja cmTC_05858 && [1/2] Building C object CMakeFiles/cmTC_05858.dir/src.c.o
FAILED: CMakeFiles/cmTC_05858.dir/src.c.o 
/home/jon/Android/Sdk/ndk/28.2.13676358/toolchains/llvm/prebuilt/linux-x86_64/bin/clang --target=aarch64-none-linux-android24 --sysroot=/home/jon/Android/Sdk/ndk/28.2.13676358/toolchains/llvm/prebuilt/linux-x86_64/sysroot -DICONV_IN_LIBC  -g -DANDROID -fdata-sections -ffunction-sections -funwind-tables -fstack-protector-strong -no-canonical-prefixes -D_FORTIFY_SOURCE=2 -Wformat -Werror=format-security   -D_GNU_SOURCE=1 -fPIE -std=gnu11 -MD -MT CMakeFiles/cmTC_05858.dir/src.c.o -MF CMakeFiles/cmTC_05858.dir/src.c.o.d -o CMakeFiles/cmTC_05858.dir/src.c.o -c /home/jon/StudioProjects/Retro-3DO/android/app/.cxx/Debug/2w1l2e5o/arm64-v8a/CMakeFiles/CMakeTmp/src.c
/home/jon/StudioProjects/Retro-3DO/android/app/.cxx/Debug/2w1l2e5o/arm64-v8a/CMakeFiles/CMakeTmp/src.c:6:19: error: call to undeclared function 'iconv_open'; ISO C99 and later do not support implicit function declarations [-Wimplicit-function-declaration]
    6 |           return !iconv_open(NULL,NULL);
      |                   ^
1 error generated.
ninja: build stopped: subcommand failed.


Source file was:

      #define LIBICONV_PLUG 1 /* in case libiconv header is in include path */
      #include <stddef.h>
      #include <iconv.h>
      int main(int argc, char **argv) {
          return !iconv_open(NULL,NULL);
      }
Performing C SOURCE FILE Test ICONV_IN_LIBICONV failed with the following output:
Change Dir: /home/jon/StudioProjects/Retro-3DO/android/app/.cxx/Debug/2w1l2e5o/arm64-v8a/CMakeFiles/CMakeTmp

Run Build Command(s):/home/jon/Android/Sdk/cmake/3.22.1/bin/ninja cmTC_827a4 && [1/2] Building C object CMakeFiles/cmTC_827a4.dir/src.c.o
FAILED: CMakeFiles/cmTC_827a4.dir/src.c.o 
/home/jon/Android/Sdk/ndk/28.2.13676358/toolchains/llvm/prebuilt/linux-x86_64/bin/clang --target=aarch64-none-linux-android24 --sysroot=/home/jon/Android/Sdk/ndk/28.2.13676358/toolchains/llvm/prebuilt/linux-x86_64/sysroot -DICONV_IN_LIBICONV  -g -DANDROID -fdata-sections -ffunction-sections -funwind-tables -fstack-protector-strong -no-canonical-prefixes -D_FORTIFY_SOURCE=2 -Wformat -Werror=format-security   -D_GNU_SOURCE=1 -fPIE -std=gnu11 -MD -MT CMakeFiles/cmTC_827a4.dir/src.c.o -MF CMakeFiles/cmTC_827a4.dir/src.c.o.d -o CMakeFiles/cmTC_827a4.dir/src.c.o -c /home/jon/StudioProjects/Retro-3DO/android/app/.cxx/Debug/2w1l2e5o/arm64-v8a/CMakeFiles/CMakeTmp/src.c
/home/jon/StudioProjects/Retro-3DO/android/app/.cxx/Debug/2w1l2e5o/arm64-v8a/CMakeFiles/CMakeTmp/src.c:5:19: error: call to undeclared function 'iconv_open'; ISO C99 and later do not support implicit function declarations [-Wimplicit-function-declaration]
    5 |           return !iconv_open(NULL,NULL);
      |                   ^
1 error generated.
ninja: build stopped: subcommand failed.


Source file was:

      #include <stddef.h>
      #include <iconv.h>
      int main(int argc, char **argv) {
          return !iconv_open(NULL,NULL);
      }
Performing C SOURCE FILE Test HAVE_ARM_MODE failed with the following output:
Change Dir: /home/jon/StudioProjects/Retro-3DO/android/app/.cxx/Debug/2w1l2e5o/arm64-v8a/CMakeFiles/CMakeTmp

Run Build Command(s):/home/jon/Android/Sdk/cmake/3.22.1/bin/ninja cmTC_3ecf6 && [1/2] Building C object CMakeFiles/cmTC_3ecf6.dir/src.c.o
FAILED: CMakeFiles/cmTC_3ecf6.dir/src.c.o 
/home/jon/Android/Sdk/ndk/28.2.13676358/toolchains/llvm/prebuilt/linux-x86_64/bin/clang --target=aarch64-none-linux-android24 --sysroot=/home/jon/Android/Sdk/ndk/28.2.13676358/toolchains/llvm/prebuilt/linux-x86_64/sysroot -DHAVE_ARM_MODE  -g -DANDROID -fdata-sections -ffunction-sections -funwind-tables -fstack-protector-strong -no-canonical-prefixes -D_FORTIFY_SOURCE=2 -Wformat -Werror=format-security   -D_GNU_SOURCE=1 -Werror=unused-command-line-argument -fPIE   -marm -std=gnu11 -MD -MT CMakeFiles/cmTC_3ecf6.dir/src.c.o -MF CMakeFiles/cmTC_3ecf6.dir/src.c.o.d -o CMakeFiles/cmTC_3ecf6.dir/src.c.o -c /home/jon/StudioProjects/Retro-3DO/android/app/.cxx/Debug/2w1l2e5o/arm64-v8a/CMakeFiles/CMakeTmp/src.c
clang: error: unsupported option '-mno-thumb' for target 'aarch64-none-linux-android24'
ninja: build stopped: subcommand failed.


Source file was:
int main(void) { return 0; }
Determining if the include file pthread_np.h exists failed with the following output:
Change Dir: /home/jon/StudioProjects/Retro-3DO/android/app/.cxx/Debug/2w1l2e5o/arm64-v8a/CMakeFiles/CMakeTmp

Run Build Command(s):/home/jon/Android/Sdk/cmake/3.22.1/bin/ninja cmTC_591be && [1/2] Building C object CMakeFiles/cmTC_591be.dir/CheckIncludeFile.c.o
FAILED: CMakeFiles/cmTC_591be.dir/CheckIncludeFile.c.o 
/home/jon/Android/Sdk/ndk/28.2.13676358/toolchains/llvm/prebuilt/linux-x86_64/bin/clang --target=aarch64-none-linux-android24 --sysroot=/home/jon/Android/Sdk/ndk/28.2.13676358/toolchains/llvm/prebuilt/linux-x86_64/sysroot   -g -DANDROID -fdata-sections -ffunction-sections -funwind-tables -fstack-protector-strong -no-canonical-prefixes -D_FORTIFY_SOURCE=2 -Wformat -Werror=format-security   -D_GNU_SOURCE=1 -fPIE -std=gnu11 -MD -MT CMakeFiles/cmTC_591be.dir/CheckIncludeFile.c.o -MF CMakeFiles/cmTC_591be.dir/CheckIncludeFile.c.o.d -o CMakeFiles/cmTC_591be.dir/CheckIncludeFile.c.o -c /home/jon/StudioProjects/Retro-3DO/android/app/.cxx/Debug/2w1l2e5o/arm64-v8a/CMakeFiles/CMakeTmp/CheckIncludeFile.c
/home/jon/StudioProjects/Retro-3DO/android/app/.cxx/Debug/2w1l2e5o/arm64-v8a/CMakeFiles/CMakeTmp/CheckIncludeFile.c:1:10: fatal error: 'pthread_np.h' file not found
    1 | #include <pthread_np.h>
      |          ^~~~~~~~~~~~~~
1 error generated.
ninja: build stopped: subcommand failed.



Performing C SOURCE FILE Test CMAKE_HAVE_LIBC_PTHREAD failed with the following output:
Change Dir: /home/jon/StudioProjects/Retro-3DO/android/app/.cxx/Debug/2w1l2e5o/arm64-v8a/CMakeFiles/CMakeTmp

Run Build Command(s):/home/jon/Android/Sdk/cmake/3.22.1/bin/ninja cmTC_85a03 && [1/2] Building C object CMakeFiles/cmTC_85a03.dir/src.c.o
FAILED: CMakeFiles/cmTC_85a03.dir/src.c.o 
/home/jon/Android/Sdk/ndk/28.2.13676358/toolchains/llvm/prebuilt/linux-x86_64/bin/clang --target=aarch64-none-linux-android24 --sysroot=/home/jon/Android/Sdk/ndk/28.2.13676358/toolchains/llvm/prebuilt/linux-x86_64/sysroot -DCMAKE_HAVE_LIBC_PTHREAD  -g -DANDROID -fdata-sections -ffunction-sections -funwind-tables -fstack-protector-strong -no-canonical-prefixes -D_FORTIFY_SOURCE=2 -Wformat -Werror=format-security   -fPIE -std=gnu11 -MD -MT CMakeFiles/cmTC_85a03.dir/src.c.o -MF CMakeFiles/cmTC_85a03.dir/src.c.o.d -o CMakeFiles/cmTC_85a03.dir/src.c.o -c /home/jon/StudioProjects/Retro-3DO/android/app/.cxx/Debug/2w1l2e5o/arm64-v8a/CMakeFiles/CMakeTmp/src.c
/home/jon/StudioProjects/Retro-3DO/android/app/.cxx/Debug/2w1l2e5o/arm64-v8a/CMakeFiles/CMakeTmp/src.c:13:3: error: call to undeclared function 'pthread_cancel'; ISO C99 and later do not support implicit function declarations [-Wimplicit-function-declaration]
   13 |   pthread_cancel(thread);
      |   ^
/home/jon/StudioProjects/Retro-3DO/android/app/.cxx/Debug/2w1l2e5o/arm64-v8a/CMakeFiles/CMakeTmp/src.c:13:3: note: did you mean 'pthread_once'?
/home/jon/Android/Sdk/ndk/28.2.13676358/toolchains/llvm/prebuilt/linux-x86_64/sysroot/usr/include/pthread.h:250:5: note: 'pthread_once' declared here
  250 | int pthread_once(pthread_once_t* _Nonnull __once, void (* _Nonnull __init_routine)(void));
      |     ^
1 error generated.
ninja: build stopped: subcommand failed.


Source file was:
#include <pthread.h>

static void* test_func(void* data)
{
  return data;
}

int main(void)
{
  pthread_t thread;
  pthread_create(&thread, NULL, test_func, NULL);
  pthread_detach(thread);
  pthread_cancel(thread);
  pthread_join(thread, NULL);
  pthread_atfork(NULL, NULL, NULL);
  pthread_exit(NULL);

  return 0;
}

Determining if the function pthread_create exists in the pthreads failed with the following output:
Change Dir: /home/jon/StudioProjects/Retro-3DO/android/app/.cxx/Debug/2w1l2e5o/arm64-v8a/CMakeFiles/CMakeTmp

Run Build Command(s):/home/jon/Android/Sdk/cmake/3.22.1/bin/ninja cmTC_922a3 && [1/2] Building C object CMakeFiles/cmTC_922a3.dir/CheckFunctionExists.c.o
[2/2] Linking C executable cmTC_922a3
FAILED: cmTC_922a3 
: && /home/jon/Android/Sdk/ndk/28.2.13676358/toolchains/llvm/prebuilt/linux-x86_64/bin/clang --target=aarch64-none-linux-android24 --sysroot=/home/jon/Android/Sdk/ndk/28.2.13676358/toolchains/llvm/prebuilt/linux-x86_64/sysroot -g -DANDROID -fdata-sections -ffunction-sections -funwind-tables -fstack-protector-strong -no-canonical-prefixes -D_FORTIFY_SOURCE=2 -Wformat -Werror=format-security  -DCHECK_FUNCTION_EXISTS=pthread_create -static-libstdc++ -Wl,--build-id=sha1 -Wl,--no-rosegment -Wl,--no-undefined-version -Wl,--fatal-warnings -Wl,--no-undefined -Qunused-arguments CMakeFiles/cmTC_922a3.dir/CheckFunctionExists.c.o -o cmTC_922a3  -lpthreads  -latomic -lm && :
ld.lld: error: unable to find library -lpthreads
clang: error: linker command failed with exit code 1 (use -v to see invocation)
ninja: build stopped: subcommand failed.



Determining if the function pthread_create exists in the pthread failed with the following output:
Change Dir: /home/jon/StudioProjects/Retro-3DO/android/app/.cxx/Debug/2w1l2e5o/arm64-v8a/CMakeFiles/CMakeTmp

Run Build Command(s):/home/jon/Android/Sdk/cmake/3.22.1/bin/ninja cmTC_9148e && [1/2] Building C object CMakeFiles/cmTC_9148e.dir/CheckFunctionExists.c.o
[2/2] Linking C executable cmTC_9148e
FAILED: cmTC_9148e 
: && /home/jon/Android/Sdk/ndk/28.2.13676358/toolchains/llvm/prebuilt/linux-x86_64/bin/clang --target=aarch64-none-linux-android24 --sysroot=/home/jon/Android/Sdk/ndk/28.2.13676358/toolchains/llvm/prebuilt/linux-x86_64/sysroot -g -DANDROID -fdata-sections -ffunction-sections -funwind-tables -fstack-protector-strong -no-canonical-prefixes -D_FORTIFY_SOURCE=2 -Wformat -Werror=format-security  -DCHECK_FUNCTION_EXISTS=pthread_create -static-libstdc++ -Wl,--build-id=sha1 -Wl,--no-rosegment -Wl,--no-undefined-version -Wl,--fatal-warnings -Wl,--no-undefined -Qunused-arguments CMakeFiles/cmTC_9148e.dir/CheckFunctionExists.c.o -o cmTC_9148e  -lpthread  -latomic -lm && :
ld.lld: error: unable to find library -lpthread
clang: error: linker command failed with exit code 1 (use -v to see invocation)
ninja: build stopped: subcommand failed.



